// Jest Snapshot v1, https://goo.gl/fbAQLP

exports[`Render Checkbox 1`] = `
Object {
  "asFragment": [Function],
  "baseElement": <body>
    <div>
      <div
        class="Layout__Column-sc-1i5hea1-1 bHCSNB"
      >
        <input
          checked=""
          class="Checkbox__Input-acem18-0 kDEcHh"
          data-testid="checkbox_2"
          id="2"
          name="2 пересадки"
          type="checkbox"
        />
        <label
          class="Checkbox__Label-acem18-1 ksGtBq"
          for="2"
        >
          2 пересадки
        </label>
      </div>
    </div>
  </body>,
  "container": <div>
    <div
      class="Layout__Column-sc-1i5hea1-1 bHCSNB"
    >
      <input
        checked=""
        class="Checkbox__Input-acem18-0 kDEcHh"
        data-testid="checkbox_2"
        id="2"
        name="2 пересадки"
        type="checkbox"
      />
      <label
        class="Checkbox__Label-acem18-1 ksGtBq"
        for="2"
      >
        2 пересадки
      </label>
    </div>
  </div>,
  "debug": [Function],
  "findAllByAltText": [Function],
  "findAllByDisplayValue": [Function],
  "findAllByLabelText": [Function],
  "findAllByPlaceholderText": [Function],
  "findAllByRole": [Function],
  "findAllByTestId": [Function],
  "findAllByText": [Function],
  "findAllByTitle": [Function],
  "findByAltText": [Function],
  "findByDisplayValue": [Function],
  "findByLabelText": [Function],
  "findByPlaceholderText": [Function],
  "findByRole": [Function],
  "findByTestId": [Function],
  "findByText": [Function],
  "findByTitle": [Function],
  "getAllByAltText": [Function],
  "getAllByDisplayValue": [Function],
  "getAllByLabelText": [Function],
  "getAllByPlaceholderText": [Function],
  "getAllByRole": [Function],
  "getAllByTestId": [Function],
  "getAllByText": [Function],
  "getAllByTitle": [Function],
  "getByAltText": [Function],
  "getByDisplayValue": [Function],
  "getByLabelText": [Function],
  "getByPlaceholderText": [Function],
  "getByRole": [Function],
  "getByTestId": [Function],
  "getByText": [Function],
  "getByTitle": [Function],
  "queryAllByAltText": [Function],
  "queryAllByDisplayValue": [Function],
  "queryAllByLabelText": [Function],
  "queryAllByPlaceholderText": [Function],
  "queryAllByRole": [Function],
  "queryAllByTestId": [Function],
  "queryAllByText": [Function],
  "queryAllByTitle": [Function],
  "queryByAltText": [Function],
  "queryByDisplayValue": [Function],
  "queryByLabelText": [Function],
  "queryByPlaceholderText": [Function],
  "queryByRole": [Function],
  "queryByTestId": [Function],
  "queryByText": [Function],
  "queryByTitle": [Function],
  "rerender": [Function],
  "unmount": [Function],
}
`;
